******************************************************************************
        TMS320C2000 COFF Linker PC v4.1.3                      
******************************************************************************
>> Linked Sun Jun 16 22:01:38 2024

OUTPUT FILE NAME:   <a_hara.out>
ENTRY POINT SYMBOL: "_c_int00"  address: 003e9164


MEMORY CONFIGURATION

                  name            origin    length      used    attr    fill
         ----------------------  --------  ---------  --------  ----  --------
PAGE  0: RAMM1                   00000600   00000200  00000023  RWIX
         OTP                     003d7800   00000400  00000000  RWIX
         BEGIN                   003e8000   00000002  00000002  RWIX
         USERFLASH               003e8002   0000bff0  00003125  RWIX
         MONITOR                 003f4000   00003f80  00000000  RWIX
         CSM_RSVD                003f7f80   00000076  00000000  RWIX
         CSM_PWL                 003f7ff8   00000008  00000000  RWIX
         RAMH0                   003f8000   00004000  00000725  RWIX
         ROM                     003ff000   00000fc0  00000b50  RWIX
         RESET                   003fffc0   00000002  00000000  RWIX
         VECTORS                 003fffc2   0000003e  00000000  RWIX

PAGE  1: RAMM0                   00000000   00000600  00000600  RWIX
         DEV_EMU                 00000880   00000180  000000d0  RWIX
         FLASH_REGS              00000a80   00000060  00000008  RWIX
         CSM                     00000ae0   00000010  00000010  RWIX
         ADC_MIRROR              00000b00   00000010  00000010  RWIX
         CPU_TIMER0              00000c00   00000008  00000008  RWIX
         CPU_TIMER1              00000c08   00000008  00000008  RWIX
         CPU_TIMER2              00000c10   00000008  00000008  RWIX
         PIE_CTRL                00000ce0   00000020  0000001a  RWIX
         PIE_VECT                00000d00   00000100  00000100  RWIX
         ECANA                   00006000   00000040  00000034  RWIX
         ECANA_LAM               00006040   00000040  00000040  RWIX
         ECANA_MOTS              00006080   00000040  00000040  RWIX
         ECANA_MOTO              000060c0   00000040  00000040  RWIX
         ECANA_MBOX              00006100   00000100  00000100  RWIX
         ECANB                   00006200   00000040  00000034  RWIX
         ECANB_LAM               00006240   00000040  00000040  RWIX
         ECANB_MOTS              00006280   00000040  00000040  RWIX
         ECANB_MOTO              000062c0   00000040  00000040  RWIX
         ECANB_MBOX              00006300   00000100  00000100  RWIX
         EPWM1                   00006800   00000022  00000022  RWIX
         EPWM2                   00006840   00000022  00000022  RWIX
         EPWM3                   00006880   00000022  00000022  RWIX
         EPWM4                   000068c0   00000022  00000022  RWIX
         EPWM5                   00006900   00000022  00000022  RWIX
         EPWM6                   00006940   00000022  00000022  RWIX
         ECAP1                   00006a00   00000020  00000020  RWIX
         ECAP2                   00006a20   00000020  00000020  RWIX
         ECAP3                   00006a40   00000020  00000020  RWIX
         ECAP4                   00006a60   00000020  00000020  RWIX
         EQEP1                   00006b00   00000040  00000040  RWIX
         EQEP2                   00006b40   00000040  00000040  RWIX
         GPIOCTRL                00006f80   00000040  00000040  RWIX
         GPIODAT                 00006fc0   00000020  00000020  RWIX
         GPIOINT                 00006fe0   00000020  0000000a  RWIX
         SYSTEM                  00007010   00000020  00000020  RWIX
         SPIA                    00007040   00000010  00000010  RWIX
         SCIA                    00007050   00000010  00000010  RWIX
         XINTRUPT                00007070   00000010  00000010  RWIX
         ADC                     00007100   00000020  0000001e  RWIX
         SPIB                    00007740   00000010  00000010  RWIX
         SCIB                    00007750   00000010  00000010  RWIX
         SPIC                    00007760   00000010  00000010  RWIX
         SPID                    00007780   00000010  00000010  RWIX
         I2CA                    00007900   00000040  00000022  RWIX
         RAML0_1                 00008000   00002000  00000000  RWIX
         CSM_PWL                 003f7ff8   00000008  00000008  RWIX


SECTION ALLOCATION MAP

 output                                  attributes/
section   page    origin      length       input sections
--------  ----  ----------  ----------   ----------------
ramfuncs2 
*          0    ffffffff    00000000     UNINITIALIZED

codestart 
*          0    003e8000    00000002     
                  003e8000    00000002     DSP280x_CodeStartBranch.obj (codestart)

.pinit     0    003e8002    00000000     UNINITIALIZED

.switch    0    003e8002    00000000     UNINITIALIZED

MENU_STR   0    003e8002    00000000     UNINITIALIZED

.text      0    003e8002    000022fa     
                  003e8002    00000026     DSP280x_Adc.obj (.text)
                  003e8028    00000048     DSP280x_EPwm.obj (.text)
                  003e8070    0000002b     DSP280x_EQep.obj (.text)
                  003e809b    0000009f     DSP280x_CpuTimers.obj (.text)
                  003e813a    00000172     DSP280x_DefaultIsr.obj (.text)
                  003e82ac    00000022     DSP280x_Gpio.obj (.text)
                  003e82ce    00000010     DSP280x_MemCopy.obj (.text)
                  003e82de    00000028     DSP280x_PieCtrl.obj (.text)
                  003e8306    00000011     DSP280x_PieVect.obj (.text)
                  003e8317    00000056     DSP280x_Sci.obj (.text)
                  003e836d    000000ed     DSP280x_Spi.obj (.text)
                  003e845a    00000066     DSP280x_SysCtrl.obj (.text)
                  003e84c0    000000a3     VFD.obj (.text)
                  003e8563    00000062     Main.obj (.text)
                  003e85c5    000003c0     Menu.obj (.text)
                  003e8985    0000040c     Motor.obj (.text)
                  003e8d91    0000030d     Sensor.obj (.text)
                  003e909e    00000010     Position.obj (.text)
                  003e90ae    000000ae     Rom.obj (.text)
                  003e915c    00000008     DSP280x_CodeStartBranch.obj (.text)
                  003e9164    00000044     rts2800_ml.lib : boot.obj (.text)
                  003e91a8    0000004a                    : exit.obj (.text)
                  003e91f2    0000005a                    : fs_mpy.obj (.text)
                  003e924c    00000029                    : fs_tol.obj (.text)
                  003e9275    00000041                    : memcpy.obj (.text)
                  003e92b6    0000000f                    : memset.obj (.text)
                  003e92c5    00000032                    : vsprintf.obj (.text)
                  003e92f7    00000009                    : _lock.obj (.text)
                  003e9300    0000078b                    : _printfi.obj (.text)
                  003e9a8b    00000014                    : args_main.obj (.text)
                  003e9a9f    0000004a                    : atoi.obj (.text)
                  003e9ae9    000000ec                    : ecvt.obj (.text)
                  003e9bd5    000000eb                    : fcvt.obj (.text)
                  003e9cc0    0000002a                    : fd_cmp.obj (.text)
                  003e9cea    0000008b                    : fd_div.obj (.text)
                  003e9d75    00000083                    : fd_mpy.obj (.text)
                  003e9df8    00000009                    : fd_neg.obj (.text)
                  003e9e01    0000000e                    : fd_sub.obj (.text)
                  003e9e0f    00000021                    : fd_toi.obj (.text)
                  003e9e30    0000001f                    : fd_tol.obj (.text)
                  003e9e4f    0000001c                    : fs_tofd.obj (.text)
                  003e9e6b    0000001c                    : l_tofd.obj (.text)
                  003e9e87    0000001e                    : ll_cmp.obj (.text)
                  003e9ea5    00000107                    : ll_div.obj (.text)
                  003e9fac    00000014                    : ll_mpy.obj (.text)
                  003e9fc0    0000002c                    : ltoa.obj (.text)
                  003e9fec    00000012                    : memccpy.obj (.text)
                  003e9ffe    000001f4                    : memory.obj (.text)
                  003ea1f2    0000000f                    : strcpy.obj (.text)
                  003ea201    0000000d                    : strlen.obj (.text)
                  003ea20e    00000028                    : strncpy.obj (.text)
                  003ea236    0000009c                    : fd_add.obj (.text)
                  003ea2d2    0000002a                    : l_div.obj (.text)

.econst    0    003ea2fc    00000a4d     
                  003ea2fc    00000157     Menu.obj (.econst)
                  003ea453    00000001     --HOLE-- [fill = 0]
                  003ea454    00000100     DSP280x_PieVect.obj (.econst)
                  003ea554    0000003f     rts2800_ml.lib : _printfi.obj (.econst)
                  003ea593    00000001     --HOLE-- [fill = 0]
                  003ea594    00000036     Motor.obj (.econst)
                  003ea5ca    0000001e     Main.obj (.econst)
                  003ea5e8    00000010     rts2800_ml.lib : ecvt.obj (.econst)
                  003ea5f8    00000010                    : fcvt.obj (.econst)
                  003ea608    00000640     Rom.obj (.econst)
                  003eac48    00000101     rts2800_ml.lib : ctype.obj (.econst)

VFD_FONT   0    003ead49    00000280     
                  003ead49    00000280     VFD.obj (VFD_FONT)

IQmath     0    003eafc9    000000a2     
                  003eafc9    00000047     IQmath.lib : IQ15div.obj (IQmath)
                  003eb010    00000047                : IQ17div.obj (IQmath)
                  003eb057    00000014                : IQ17toF.obj (IQmath)

.cinit     0    003eb06b    00000099     
                  003eb06b    00000058     Menu.obj (.cinit)
                  003eb0c3    00000024     Sensor.obj (.cinit)
                  003eb0e7    0000000e     rts2800_ml.lib : exit.obj (.cinit)
                  003eb0f5    0000000a                    : _lock.obj (.cinit)
                  003eb0ff    00000004                    : memory.obj (.cinit)
                  003eb103    00000001     --HOLE-- [fill = 0]

ramfuncs   0    003eb104    00000023     RUN ADDR = 00000600
                  003eb104    0000001f     DSP280x_SysCtrl.obj (ramfuncs)
                  003eb123    00000004     DSP280x_usDelay.obj (ramfuncs)

csm_rsvd   0    003f7f80    00000000     UNINITIALIZED

csmpasswds 
*          0    003f7ff8    00000000     UNINITIALIZED

.heap      0    003f8000    00000000     UNINITIALIZED

.esysmem   0    003f8000    00000000     UNINITIALIZED

.ebss      0    003f8000    00000724     UNINITIALIZED
                  003f8000    000001b0     Main.obj (.ebss)
                  003f81b0    00000010     Motor.obj (.ebss)
                  003f81c0    00000080     rts2800_ml.lib : exit.obj (.ebss)
                  003f8240    0000003e     Menu.obj (.ebss)
                  003f8280    00000018     DSP280x_CpuTimers.obj (.ebss)
                  003f8298    00000016     Sensor.obj (.ebss)
                  003f82ae    00000008     rts2800_ml.lib : memory.obj (.ebss)
                  003f82b6    00000004                    : _lock.obj (.ebss)
                  003f82c0    00000190                    : fcvt.obj (.ebss)
                  003f8450    00000014     VFD.obj (.ebss)
                  003f8480    00000190     rts2800_ml.lib : _printfi.obj (.ebss)
                  003f8640    00000080     DSP280x_Sci.obj (.ebss)
                  003f86c0    00000064     rts2800_ml.lib : ecvt.obj (.ebss)

.sysmem    0    003f8724    00000001     UNINITIALIZED

IQmathTables 
*          0    003ff000    00000b50     NOLOAD SECTION
                  003ff000    00000b50     IQmath.lib : IQmathTables.obj (IQmathTables)

.reset     0    003fffc0    00000002     DSECT
                  003fffc0    00000002     rts2800_ml.lib : boot.obj (.reset)

vectors    0    003fffc2    00000000     DSECT

.data      1    00000000    00000000     UNINITIALIZED

.bss       1    00000000    00000000     UNINITIALIZED

.stack     1    00000000    00000600     UNINITIALIZED

DevEmuRegsFile 
*          1    00000880    000000d0     UNINITIALIZED
                  00000880    000000d0     DSP280x_GlobalVariableDefs.obj (DevEmuRegsFile)

FlashRegsFile 
*          1    00000a80    00000008     UNINITIALIZED
                  00000a80    00000008     DSP280x_GlobalVariableDefs.obj (FlashRegsFile)

CsmRegsFile 
*          1    00000ae0    00000010     UNINITIALIZED
                  00000ae0    00000010     DSP280x_GlobalVariableDefs.obj (CsmRegsFile)

AdcMirrorFile 
*          1    00000b00    00000010     UNINITIALIZED
                  00000b00    00000010     DSP280x_GlobalVariableDefs.obj (AdcMirrorFile)

CpuTimer0RegsFile 
*          1    00000c00    00000008     UNINITIALIZED
                  00000c00    00000008     DSP280x_GlobalVariableDefs.obj (CpuTimer0RegsFile)

CpuTimer1RegsFile 
*          1    00000c08    00000008     UNINITIALIZED
                  00000c08    00000008     DSP280x_GlobalVariableDefs.obj (CpuTimer1RegsFile)

CpuTimer2RegsFile 
*          1    00000c10    00000008     UNINITIALIZED
                  00000c10    00000008     DSP280x_GlobalVariableDefs.obj (CpuTimer2RegsFile)

PieCtrlRegsFile 
*          1    00000ce0    0000001a     UNINITIALIZED
                  00000ce0    0000001a     DSP280x_GlobalVariableDefs.obj (PieCtrlRegsFile)

PieVectTableFile 
*          1    00000d00    00000100     UNINITIALIZED
                  00000d00    00000100     DSP280x_GlobalVariableDefs.obj (PieVectTableFile)

ECanaRegsFile 
*          1    00006000    00000034     UNINITIALIZED
                  00006000    00000034     DSP280x_GlobalVariableDefs.obj (ECanaRegsFile)

ECanaLAMRegsFile 
*          1    00006040    00000040     UNINITIALIZED
                  00006040    00000040     DSP280x_GlobalVariableDefs.obj (ECanaLAMRegsFile)

ECanaMOTSRegsFile 
*          1    00006080    00000040     UNINITIALIZED
                  00006080    00000040     DSP280x_GlobalVariableDefs.obj (ECanaMOTSRegsFile)

ECanaMOTORegsFile 
*          1    000060c0    00000040     UNINITIALIZED
                  000060c0    00000040     DSP280x_GlobalVariableDefs.obj (ECanaMOTORegsFile)

ECanaMboxesFile 
*          1    00006100    00000100     UNINITIALIZED
                  00006100    00000100     DSP280x_GlobalVariableDefs.obj (ECanaMboxesFile)

ECanbRegsFile 
*          1    00006200    00000034     UNINITIALIZED
                  00006200    00000034     DSP280x_GlobalVariableDefs.obj (ECanbRegsFile)

ECanbLAMRegsFile 
*          1    00006240    00000040     UNINITIALIZED
                  00006240    00000040     DSP280x_GlobalVariableDefs.obj (ECanbLAMRegsFile)

ECanbMOTSRegsFile 
*          1    00006280    00000040     UNINITIALIZED
                  00006280    00000040     DSP280x_GlobalVariableDefs.obj (ECanbMOTSRegsFile)

ECanbMOTORegsFile 
*          1    000062c0    00000040     UNINITIALIZED
                  000062c0    00000040     DSP280x_GlobalVariableDefs.obj (ECanbMOTORegsFile)

ECanbMboxesFile 
*          1    00006300    00000100     UNINITIALIZED
                  00006300    00000100     DSP280x_GlobalVariableDefs.obj (ECanbMboxesFile)

EPwm1RegsFile 
*          1    00006800    00000022     UNINITIALIZED
                  00006800    00000022     DSP280x_GlobalVariableDefs.obj (EPwm1RegsFile)

EPwm2RegsFile 
*          1    00006840    00000022     UNINITIALIZED
                  00006840    00000022     DSP280x_GlobalVariableDefs.obj (EPwm2RegsFile)

EPwm3RegsFile 
*          1    00006880    00000022     UNINITIALIZED
                  00006880    00000022     DSP280x_GlobalVariableDefs.obj (EPwm3RegsFile)

EPwm4RegsFile 
*          1    000068c0    00000022     UNINITIALIZED
                  000068c0    00000022     DSP280x_GlobalVariableDefs.obj (EPwm4RegsFile)

EPwm5RegsFile 
*          1    00006900    00000022     UNINITIALIZED
                  00006900    00000022     DSP280x_GlobalVariableDefs.obj (EPwm5RegsFile)

EPwm6RegsFile 
*          1    00006940    00000022     UNINITIALIZED
                  00006940    00000022     DSP280x_GlobalVariableDefs.obj (EPwm6RegsFile)

ECap1RegsFile 
*          1    00006a00    00000020     UNINITIALIZED
                  00006a00    00000020     DSP280x_GlobalVariableDefs.obj (ECap1RegsFile)

ECap2RegsFile 
*          1    00006a20    00000020     UNINITIALIZED
                  00006a20    00000020     DSP280x_GlobalVariableDefs.obj (ECap2RegsFile)

ECap3RegsFile 
*          1    00006a40    00000020     UNINITIALIZED
                  00006a40    00000020     DSP280x_GlobalVariableDefs.obj (ECap3RegsFile)

ECap4RegsFile 
*          1    00006a60    00000020     UNINITIALIZED
                  00006a60    00000020     DSP280x_GlobalVariableDefs.obj (ECap4RegsFile)

EQep1RegsFile 
*          1    00006b00    00000040     UNINITIALIZED
                  00006b00    00000040     DSP280x_GlobalVariableDefs.obj (EQep1RegsFile)

EQep2RegsFile 
*          1    00006b40    00000040     UNINITIALIZED
                  00006b40    00000040     DSP280x_GlobalVariableDefs.obj (EQep2RegsFile)

GpioCtrlRegsFile 
*          1    00006f80    00000040     UNINITIALIZED
                  00006f80    00000040     DSP280x_GlobalVariableDefs.obj (GpioCtrlRegsFile)

GpioDataRegsFile 
*          1    00006fc0    00000020     UNINITIALIZED
                  00006fc0    00000020     DSP280x_GlobalVariableDefs.obj (GpioDataRegsFile)

GpioIntRegsFile 
*          1    00006fe0    0000000a     UNINITIALIZED
                  00006fe0    0000000a     DSP280x_GlobalVariableDefs.obj (GpioIntRegsFile)

SysCtrlRegsFile 
*          1    00007010    00000020     UNINITIALIZED
                  00007010    00000020     DSP280x_GlobalVariableDefs.obj (SysCtrlRegsFile)

SpiaRegsFile 
*          1    00007040    00000010     UNINITIALIZED
                  00007040    00000010     DSP280x_GlobalVariableDefs.obj (SpiaRegsFile)

SciaRegsFile 
*          1    00007050    00000010     UNINITIALIZED
                  00007050    00000010     DSP280x_GlobalVariableDefs.obj (SciaRegsFile)

XIntruptRegsFile 
*          1    00007070    00000010     UNINITIALIZED
                  00007070    00000010     DSP280x_GlobalVariableDefs.obj (XIntruptRegsFile)

AdcRegsFile 
*          1    00007100    0000001e     UNINITIALIZED
                  00007100    0000001e     DSP280x_GlobalVariableDefs.obj (AdcRegsFile)

SpibRegsFile 
*          1    00007740    00000010     UNINITIALIZED
                  00007740    00000010     DSP280x_GlobalVariableDefs.obj (SpibRegsFile)

ScibRegsFile 
*          1    00007750    00000010     UNINITIALIZED
                  00007750    00000010     DSP280x_GlobalVariableDefs.obj (ScibRegsFile)

SpicRegsFile 
*          1    00007760    00000010     UNINITIALIZED
                  00007760    00000010     DSP280x_GlobalVariableDefs.obj (SpicRegsFile)

SpidRegsFile 
*          1    00007780    00000010     UNINITIALIZED
                  00007780    00000010     DSP280x_GlobalVariableDefs.obj (SpidRegsFile)

I2caRegsFile 
*          1    00007900    00000022     UNINITIALIZED
                  00007900    00000022     DSP280x_GlobalVariableDefs.obj (I2caRegsFile)

CsmPwlFile 
*          1    003f7ff8    00000008     UNINITIALIZED
                  003f7ff8    00000008     DSP280x_GlobalVariableDefs.obj (CsmPwlFile)


GLOBAL SYMBOLS: SORTED ALPHABETICALLY BY Name 

address    name
--------   ----
00000000   .bss
00000000   .data
003e8002   .text
003e91ce   C$$EXIT
003ea236   FD$$ADD
003e9cc0   FD$$CMP
003e9cea   FD$$DIV
003e9d75   FD$$MPY
003e9df8   FD$$NEG
003e9e01   FD$$SUB
003e9e0f   FD$$TOI
003e9e30   FD$$TOL
003e91f2   FS$$MPY
003e9e4f   FS$$TOFD
003e924c   FS$$TOL
003ea2d2   L$$DIV
003ea2e1   L$$MOD
003e9e6b   L$$TOFD
003e9e87   LL$$CMP
003e9ea5   LL$$DIV
003e9ee1   LL$$MOD
003e9fac   LL$$MPY
003ea2ef   UL$$DIV
003ea2f6   UL$$MOD
003e9e99   ULL$$CMP
003e9f1b   ULL$$DIV
003e9f4a   ULL$$MOD
003e82a6   _ADCINT_ISR
00000b00   _AdcMirror
00007100   _AdcRegs
003e809b   _ConfigCpuTimer
003f8290   _CpuTimer0
00000c00   _CpuTimer0Regs
003f8280   _CpuTimer1
00000c08   _CpuTimer1Regs
003f8288   _CpuTimer2
00000c10   _CpuTimer2Regs
003f7ff8   _CsmPwl
00000ae0   _CsmRegs
003e82a0   _DATALOG_ISR
0000061f   _DSP28x_usDelay
003e85bd   _Delay
00000880   _DevEmuRegs
003e8464   _DisableDog
003e829a   _ECAN0INTA_ISR
003e8294   _ECAN0INTB_ISR
003e828e   _ECAN1INTA_ISR
003e8288   _ECAN1INTB_ISR
003e8282   _ECAP1_INT_ISR
003e827c   _ECAP2_INT_ISR
003e8276   _ECAP3_INT_ISR
003e8270   _ECAP4_INT_ISR
00006040   _ECanaLAMRegs
000060c0   _ECanaMOTORegs
00006080   _ECanaMOTSRegs
00006100   _ECanaMboxes
00006000   _ECanaRegs
00006240   _ECanbLAMRegs
000062c0   _ECanbMOTORegs
00006280   _ECanbMOTSRegs
00006300   _ECanbMboxes
00006200   _ECanbRegs
00006a00   _ECap1Regs
00006a20   _ECap2Regs
00006a40   _ECap3Regs
00006a60   _ECap4Regs
003e826b   _EMPTY_ISR
003e8265   _EMUINT_ISR
003e825f   _EPWM1_INT_ISR
003e8259   _EPWM1_TZINT_ISR
003e8253   _EPWM2_INT_ISR
003e824d   _EPWM2_TZINT_ISR
003e8247   _EPWM3_INT_ISR
003e8241   _EPWM3_TZINT_ISR
003e823b   _EPWM4_INT_ISR
003e8235   _EPWM4_TZINT_ISR
003e822f   _EPWM5_INT_ISR
003e8229   _EPWM5_TZINT_ISR
003e8223   _EPWM6_INT_ISR
003e821d   _EPWM6_TZINT_ISR
00006800   _EPwm1Regs
00006840   _EPwm2Regs
00006880   _EPwm3Regs
000068c0   _EPwm4Regs
00006900   _EPwm5Regs
00006940   _EPwm6Regs
003e8217   _EQEP1_INT_ISR
003e8211   _EQEP2_INT_ISR
003e82fd   _EnableInterrupts
00000a80   _FlashRegs
003ead49   _FontData
00006f80   _GpioCtrlRegs
00006fc0   _GpioDataRegs
00006fe0   _GpioIntRegs
003e820b   _I2CINT1A_ISR
003e8205   _I2CINT2A_ISR
00007900   _I2caRegs
003e81ff   _ILLEGAL_ISR
003e81f9   _INT14_ISR
003ffad8   _IQ10mpyRndSatTable
003ffacc   _IQ11mpyRndSatTable
003ffac0   _IQ12mpyRndSatTable
003ffab4   _IQ13mpyRndSatTable
003ffaa8   _IQ14mpyRndSatTable
003ffa9c   _IQ15mpyRndSatTable
003ffa90   _IQ16mpyRndSatTable
003ffa84   _IQ17mpyRndSatTable
003ffa78   _IQ18mpyRndSatTable
003ffa6c   _IQ19mpyRndSatTable
003ffb44   _IQ1mpyRndSatTable
003ffa60   _IQ20mpyRndSatTable
003ffa54   _IQ21mpyRndSatTable
003ffa48   _IQ22mpyRndSatTable
003ffa3c   _IQ23mpyRndSatTable
003ffa30   _IQ24mpyRndSatTable
003ffa24   _IQ25mpyRndSatTable
003ffa18   _IQ26mpyRndSatTable
003ffa0c   _IQ27mpyRndSatTable
003ffa00   _IQ28mpyRndSatTable
003ff9f4   _IQ29mpyRndSatTable
003ffb38   _IQ2mpyRndSatTable
003ff9e8   _IQ30mpyRndSatTable
003ffb2c   _IQ3mpyRndSatTable
003ffb20   _IQ4mpyRndSatTable
003ffb14   _IQ5mpyRndSatTable
003ffb08   _IQ6mpyRndSatTable
003ffafc   _IQ7mpyRndSatTable
003ffaf0   _IQ8mpyRndSatTable
003ffae4   _IQ9mpyRndSatTable
003ff824   _IQatan2HalfPITable
003ff862   _IQatan2Table
003ff9e8   _IQatan2TableEnd
003ff100   _IQcosTable
003ff502   _IQcosTableEnd
003ff502   _IQdivRoundSatTable
003ff510   _IQdivTable
003ff712   _IQdivTableEnd
003ff712   _IQisqrtRoundSatTable
003ff722   _IQisqrtTable
003ff824   _IQisqrtTableEnd
003ff9e8   _IQmpyRndSatTable
003ffb50   _IQmpyRndSatTableEnd
003ff000   _IQsinTable
003ff400   _IQsinTableEnd
003ff712   _IQsqrtRoundSatTable
003ff722   _IQsqrtTable
003ff824   _IQsqrtTableEnd
003e8002   _InitAdc
003e8103   _InitCpuTimers
003e8028   _InitEPWM
003e8070   _InitEQep
00000600   _InitFlash
003e82ac   _InitGpio
003e8490   _InitPeripheralClocks
003e82de   _InitPieCtrl
003e8306   _InitPieVectTable
003e846c   _InitPll
003e8357   _InitSci
003e844b   _InitSpi
003e84b8   _InitSysCtrl
003e80c0   _Init_ISR
00006b40   _LeftQepRegs
003e82ce   _MemCopy
003e8929   _Menu
003e81f3   _NMI_ISR
003e81ed   _PIE_RESERVED
00000ce0   _PieCtrlRegs
00000d00   _PieVectTable
003ea454   _PieVectTableInit
003e81e7   _RTOSINT_ISR
003eb127   _RamfuncsLoadEnd
00000000   _RamfuncsLoadEnd1
003eb104   _RamfuncsLoadStart
00000000   _RamfuncsLoadStart1
00000600   _RamfuncsRunStart
003f8000   _RamfuncsRunStart1
003e9141   _ReadMapData
003e912b   _ReadMotorData
003e9115   _ReadRunningData
003e9105   _ReadSensorData
00006b00   _RightQepRegs
003e81e1   _SCIRXINTA_ISR
003e81db   _SCIRXINTB_ISR
003e81d5   _SCITXINTA_ISR
003e81cf   _SCITXINTB_ISR
003e8351   _SCIx_RxChar
003e8324   _SCIx_TxChar
003e832a   _SCIx_TxString
003e81c9   _SEQ2INT_ISR
003e81c3   _SPIRXINTA_ISR
003e81bd   _SPIRXINTB_ISR
003e81b7   _SPIRXINTC_ISR
003e81b1   _SPIRXINTD_ISR
003e81ab   _SPITXINTA_ISR
003e81a5   _SPITXINTB_ISR
003e819f   _SPITXINTC_ISR
003e8199   _SPITXINTD_ISR
00007050   _SciaRegs
00007750   _ScibRegs
003e845a   _ServiceDog
003e837c   _SpiBusyOK
003e83f2   _SpiReadRom
003e836d   _SpiTx
003e83a5   _SpiWriteRom
00007040   _SpiaRegs
00007740   _SpibRegs
00007760   _SpicRegs
00007780   _SpidRegs
00007010   _SysCtrlRegs
003e8563   _System_Init
003e8340   _TxPrintf
003e8193   _USER10_ISR
003e818d   _USER11_ISR
003e8187   _USER12_ISR
003e8181   _USER1_ISR
003e817b   _USER2_ISR
003e8175   _USER3_ISR
003e816f   _USER4_ISR
003e8169   _USER5_ISR
003e8163   _USER6_ISR
003e815d   _USER7_ISR
003e8157   _USER8_ISR
003e8151   _USER9_ISR
003e8552   _VFDPrintf
003e85a0   _Variable_Init
003e84c0   _VfdCtlRegInit
003e84fb   _VfdDataLoad
003e84e8   _VfdInit
003e814b   _WAKEINT_ISR
003e90ea   _WriteMapData
003e90d4   _WriteMotorData
003e90be   _WriteRunningData
003e90ae   _WriteSensorData
003e8145   _XINT1_ISR
003e813f   _XINT2_ISR
00007070   _XIntruptRegs
003eafc9   __IQ15div
003eb010   __IQ17div
003eb057   __IQ17toF
00000600   __STACK_SIZE
00000001   __SYSMEM_SIZE
ffffffff   ___binit__
00000000   ___bss__
ffffffff   ___c_args__
003eb06b   ___cinit__
00000000   ___data__
00000000   ___edata__
00000000   ___end__
003ea2fc   ___etext__
003e9278   ___memcpy
003e9296   ___memcpy_ff
003e928c   ___memcpy_fn
003e9282   ___memcpy_nf
ffffffff   ___pinit__
003e8002   ___text__
003e9a8b   __args_main
003f81c4   __cleanup_ptr
003eac48   __ctypes_
003f81c2   __dtors_ptr
003f82b8   __lock
003e92f7   __nop
003e9300   __printfi
003e92f8   __register_lock
003e92fc   __register_unlock
003f8724   __sys_memory
003f82b6   __unlock
003e91f1   _abort
003e8e0c   _adc_ISR
003e90ad   _adjust_position
003e91d0   _atexit
003e9a9f   _atoi
003e9164   _c_int00
003e8c99   _calc_target_velocity_for_turn
003ea195   _calloc
003ea1af   _chkheap
003e9ae9   _ecvt
003e90ac   _estimate_position_used_input
003e90ab   _estimate_position_used_sensor
003e91a8   _exit
003e9bd5   _fcvt
003ea092   _free
003ea1b1   _free_memory
003f8001   _g_accel_u16
003f800a   _g_motor_kd_u32
003f8008   _g_motor_ki_u32
003f8016   _g_motor_kp_u32
003f8004   _g_ref_vel_i32
003f801c   _g_s_cmd_vel
003f8020   _g_s_epi
003f802a   _g_s_eps
003f8002   _g_s_flags
003f8040   _g_s_left_motor
003f8080   _g_s_right_motor
003f80c0   _g_s_sen
003f8003   _g_sci_on_u16
003f8000   _g_sensor_num_u16
003f8014   _g_sp_sen_l45
003f8010   _g_sp_sen_lbs
003f8012   _g_sp_sen_lf
003f800e   _g_sp_sen_lfs
003f8018   _g_sp_sen_r45
003f800c   _g_sp_sen_rbs
003f801a   _g_sp_sen_rf
003f8006   _g_sp_sen_rfs
003e8c4e   _init_motor
003e909e   _init_position
003e8d91   _init_sensor
003e9fc0   _ltoa
003e85b4   _main
003ea02d   _malloc
003ea1d0   _max_free
003e9fec   _memccpy
003e9275   _memcpy
003e92b6   _memset
003e9ffe   _minit
003e89d1   _motor_timer2_ISR
003e89ad   _move_to_move
003e898c   _move_to_stop
003ea0e1   _realloc
003e813a   _rsvd_ISR
003e8317   _scia_ISR
003e8dcd   _sensor_timer0_ISR
003e8dc4   _set_sensor
003ea1f2   _strcpy
003ea201   _strlen
003ea20e   _strncpy
003e8985   _turn_and_move
003e92c5   _vsprintf
ffffffff   binit
003eb06b   cinit
003e8000   code_start
00000000   edata
00000000   end
003ea2fc   etext
ffffffff   pinit


GLOBAL SYMBOLS: SORTED BY Symbol Address 

address    name
--------   ----
00000000   ___data__
00000000   ___edata__
00000000   ___bss__
00000000   _RamfuncsLoadEnd1
00000000   _RamfuncsLoadStart1
00000000   .data
00000000   .bss
00000000   end
00000000   edata
00000000   ___end__
00000001   __SYSMEM_SIZE
00000600   _InitFlash
00000600   _RamfuncsRunStart
00000600   __STACK_SIZE
0000061f   _DSP28x_usDelay
00000880   _DevEmuRegs
00000a80   _FlashRegs
00000ae0   _CsmRegs
00000b00   _AdcMirror
00000c00   _CpuTimer0Regs
00000c08   _CpuTimer1Regs
00000c10   _CpuTimer2Regs
00000ce0   _PieCtrlRegs
00000d00   _PieVectTable
00006000   _ECanaRegs
00006040   _ECanaLAMRegs
00006080   _ECanaMOTSRegs
000060c0   _ECanaMOTORegs
00006100   _ECanaMboxes
00006200   _ECanbRegs
00006240   _ECanbLAMRegs
00006280   _ECanbMOTSRegs
000062c0   _ECanbMOTORegs
00006300   _ECanbMboxes
00006800   _EPwm1Regs
00006840   _EPwm2Regs
00006880   _EPwm3Regs
000068c0   _EPwm4Regs
00006900   _EPwm5Regs
00006940   _EPwm6Regs
00006a00   _ECap1Regs
00006a20   _ECap2Regs
00006a40   _ECap3Regs
00006a60   _ECap4Regs
00006b00   _RightQepRegs
00006b40   _LeftQepRegs
00006f80   _GpioCtrlRegs
00006fc0   _GpioDataRegs
00006fe0   _GpioIntRegs
00007010   _SysCtrlRegs
00007040   _SpiaRegs
00007050   _SciaRegs
00007070   _XIntruptRegs
00007100   _AdcRegs
00007740   _SpibRegs
00007750   _ScibRegs
00007760   _SpicRegs
00007780   _SpidRegs
00007900   _I2caRegs
003e8000   code_start
003e8002   _InitAdc
003e8002   ___text__
003e8002   .text
003e8028   _InitEPWM
003e8070   _InitEQep
003e809b   _ConfigCpuTimer
003e80c0   _Init_ISR
003e8103   _InitCpuTimers
003e813a   _rsvd_ISR
003e813f   _XINT2_ISR
003e8145   _XINT1_ISR
003e814b   _WAKEINT_ISR
003e8151   _USER9_ISR
003e8157   _USER8_ISR
003e815d   _USER7_ISR
003e8163   _USER6_ISR
003e8169   _USER5_ISR
003e816f   _USER4_ISR
003e8175   _USER3_ISR
003e817b   _USER2_ISR
003e8181   _USER1_ISR
003e8187   _USER12_ISR
003e818d   _USER11_ISR
003e8193   _USER10_ISR
003e8199   _SPITXINTD_ISR
003e819f   _SPITXINTC_ISR
003e81a5   _SPITXINTB_ISR
003e81ab   _SPITXINTA_ISR
003e81b1   _SPIRXINTD_ISR
003e81b7   _SPIRXINTC_ISR
003e81bd   _SPIRXINTB_ISR
003e81c3   _SPIRXINTA_ISR
003e81c9   _SEQ2INT_ISR
003e81cf   _SCITXINTB_ISR
003e81d5   _SCITXINTA_ISR
003e81db   _SCIRXINTB_ISR
003e81e1   _SCIRXINTA_ISR
003e81e7   _RTOSINT_ISR
003e81ed   _PIE_RESERVED
003e81f3   _NMI_ISR
003e81f9   _INT14_ISR
003e81ff   _ILLEGAL_ISR
003e8205   _I2CINT2A_ISR
003e820b   _I2CINT1A_ISR
003e8211   _EQEP2_INT_ISR
003e8217   _EQEP1_INT_ISR
003e821d   _EPWM6_TZINT_ISR
003e8223   _EPWM6_INT_ISR
003e8229   _EPWM5_TZINT_ISR
003e822f   _EPWM5_INT_ISR
003e8235   _EPWM4_TZINT_ISR
003e823b   _EPWM4_INT_ISR
003e8241   _EPWM3_TZINT_ISR
003e8247   _EPWM3_INT_ISR
003e824d   _EPWM2_TZINT_ISR
003e8253   _EPWM2_INT_ISR
003e8259   _EPWM1_TZINT_ISR
003e825f   _EPWM1_INT_ISR
003e8265   _EMUINT_ISR
003e826b   _EMPTY_ISR
003e8270   _ECAP4_INT_ISR
003e8276   _ECAP3_INT_ISR
003e827c   _ECAP2_INT_ISR
003e8282   _ECAP1_INT_ISR
003e8288   _ECAN1INTB_ISR
003e828e   _ECAN1INTA_ISR
003e8294   _ECAN0INTB_ISR
003e829a   _ECAN0INTA_ISR
003e82a0   _DATALOG_ISR
003e82a6   _ADCINT_ISR
003e82ac   _InitGpio
003e82ce   _MemCopy
003e82de   _InitPieCtrl
003e82fd   _EnableInterrupts
003e8306   _InitPieVectTable
003e8317   _scia_ISR
003e8324   _SCIx_TxChar
003e832a   _SCIx_TxString
003e8340   _TxPrintf
003e8351   _SCIx_RxChar
003e8357   _InitSci
003e836d   _SpiTx
003e837c   _SpiBusyOK
003e83a5   _SpiWriteRom
003e83f2   _SpiReadRom
003e844b   _InitSpi
003e845a   _ServiceDog
003e8464   _DisableDog
003e846c   _InitPll
003e8490   _InitPeripheralClocks
003e84b8   _InitSysCtrl
003e84c0   _VfdCtlRegInit
003e84e8   _VfdInit
003e84fb   _VfdDataLoad
003e8552   _VFDPrintf
003e8563   _System_Init
003e85a0   _Variable_Init
003e85b4   _main
003e85bd   _Delay
003e8929   _Menu
003e8985   _turn_and_move
003e898c   _move_to_stop
003e89ad   _move_to_move
003e89d1   _motor_timer2_ISR
003e8c4e   _init_motor
003e8c99   _calc_target_velocity_for_turn
003e8d91   _init_sensor
003e8dc4   _set_sensor
003e8dcd   _sensor_timer0_ISR
003e8e0c   _adc_ISR
003e909e   _init_position
003e90ab   _estimate_position_used_sensor
003e90ac   _estimate_position_used_input
003e90ad   _adjust_position
003e90ae   _WriteSensorData
003e90be   _WriteRunningData
003e90d4   _WriteMotorData
003e90ea   _WriteMapData
003e9105   _ReadSensorData
003e9115   _ReadRunningData
003e912b   _ReadMotorData
003e9141   _ReadMapData
003e9164   _c_int00
003e91a8   _exit
003e91ce   C$$EXIT
003e91d0   _atexit
003e91f1   _abort
003e91f2   FS$$MPY
003e924c   FS$$TOL
003e9275   _memcpy
003e9278   ___memcpy
003e9282   ___memcpy_nf
003e928c   ___memcpy_fn
003e9296   ___memcpy_ff
003e92b6   _memset
003e92c5   _vsprintf
003e92f7   __nop
003e92f8   __register_lock
003e92fc   __register_unlock
003e9300   __printfi
003e9a8b   __args_main
003e9a9f   _atoi
003e9ae9   _ecvt
003e9bd5   _fcvt
003e9cc0   FD$$CMP
003e9cea   FD$$DIV
003e9d75   FD$$MPY
003e9df8   FD$$NEG
003e9e01   FD$$SUB
003e9e0f   FD$$TOI
003e9e30   FD$$TOL
003e9e4f   FS$$TOFD
003e9e6b   L$$TOFD
003e9e87   LL$$CMP
003e9e99   ULL$$CMP
003e9ea5   LL$$DIV
003e9ee1   LL$$MOD
003e9f1b   ULL$$DIV
003e9f4a   ULL$$MOD
003e9fac   LL$$MPY
003e9fc0   _ltoa
003e9fec   _memccpy
003e9ffe   _minit
003ea02d   _malloc
003ea092   _free
003ea0e1   _realloc
003ea195   _calloc
003ea1af   _chkheap
003ea1b1   _free_memory
003ea1d0   _max_free
003ea1f2   _strcpy
003ea201   _strlen
003ea20e   _strncpy
003ea236   FD$$ADD
003ea2d2   L$$DIV
003ea2e1   L$$MOD
003ea2ef   UL$$DIV
003ea2f6   UL$$MOD
003ea2fc   ___etext__
003ea2fc   etext
003ea454   _PieVectTableInit
003eac48   __ctypes_
003ead49   _FontData
003eafc9   __IQ15div
003eb010   __IQ17div
003eb057   __IQ17toF
003eb06b   cinit
003eb06b   ___cinit__
003eb104   _RamfuncsLoadStart
003eb127   _RamfuncsLoadEnd
003f7ff8   _CsmPwl
003f8000   _RamfuncsRunStart1
003f8000   _g_sensor_num_u16
003f8001   _g_accel_u16
003f8002   _g_s_flags
003f8003   _g_sci_on_u16
003f8004   _g_ref_vel_i32
003f8006   _g_sp_sen_rfs
003f8008   _g_motor_ki_u32
003f800a   _g_motor_kd_u32
003f800c   _g_sp_sen_rbs
003f800e   _g_sp_sen_lfs
003f8010   _g_sp_sen_lbs
003f8012   _g_sp_sen_lf
003f8014   _g_sp_sen_l45
003f8016   _g_motor_kp_u32
003f8018   _g_sp_sen_r45
003f801a   _g_sp_sen_rf
003f801c   _g_s_cmd_vel
003f8020   _g_s_epi
003f802a   _g_s_eps
003f8040   _g_s_left_motor
003f8080   _g_s_right_motor
003f80c0   _g_s_sen
003f81c2   __dtors_ptr
003f81c4   __cleanup_ptr
003f8280   _CpuTimer1
003f8288   _CpuTimer2
003f8290   _CpuTimer0
003f82b6   __unlock
003f82b8   __lock
003f8724   __sys_memory
003ff000   _IQsinTable
003ff100   _IQcosTable
003ff400   _IQsinTableEnd
003ff502   _IQcosTableEnd
003ff502   _IQdivRoundSatTable
003ff510   _IQdivTable
003ff712   _IQdivTableEnd
003ff712   _IQsqrtRoundSatTable
003ff712   _IQisqrtRoundSatTable
003ff722   _IQsqrtTable
003ff722   _IQisqrtTable
003ff824   _IQsqrtTableEnd
003ff824   _IQatan2HalfPITable
003ff824   _IQisqrtTableEnd
003ff862   _IQatan2Table
003ff9e8   _IQ30mpyRndSatTable
003ff9e8   _IQmpyRndSatTable
003ff9e8   _IQatan2TableEnd
003ff9f4   _IQ29mpyRndSatTable
003ffa00   _IQ28mpyRndSatTable
003ffa0c   _IQ27mpyRndSatTable
003ffa18   _IQ26mpyRndSatTable
003ffa24   _IQ25mpyRndSatTable
003ffa30   _IQ24mpyRndSatTable
003ffa3c   _IQ23mpyRndSatTable
003ffa48   _IQ22mpyRndSatTable
003ffa54   _IQ21mpyRndSatTable
003ffa60   _IQ20mpyRndSatTable
003ffa6c   _IQ19mpyRndSatTable
003ffa78   _IQ18mpyRndSatTable
003ffa84   _IQ17mpyRndSatTable
003ffa90   _IQ16mpyRndSatTable
003ffa9c   _IQ15mpyRndSatTable
003ffaa8   _IQ14mpyRndSatTable
003ffab4   _IQ13mpyRndSatTable
003ffac0   _IQ12mpyRndSatTable
003ffacc   _IQ11mpyRndSatTable
003ffad8   _IQ10mpyRndSatTable
003ffae4   _IQ9mpyRndSatTable
003ffaf0   _IQ8mpyRndSatTable
003ffafc   _IQ7mpyRndSatTable
003ffb08   _IQ6mpyRndSatTable
003ffb14   _IQ5mpyRndSatTable
003ffb20   _IQ4mpyRndSatTable
003ffb2c   _IQ3mpyRndSatTable
003ffb38   _IQ2mpyRndSatTable
003ffb44   _IQ1mpyRndSatTable
003ffb50   _IQmpyRndSatTableEnd
ffffffff   pinit
ffffffff   ___c_args__
ffffffff   ___binit__
ffffffff   ___pinit__
ffffffff   binit

[335 symbols]
